2026-03-23 16:41:53.819 EDT [3538] LOG:  starting PostgreSQL 18.3 (Homebrew) on aarch64-apple-darwin25.2.0, compiled by Apple clang version 17.0.0 (clang-1700.6.3.2), 64-bit
2026-03-23 16:41:53.821 EDT [3538] LOG:  listening on IPv6 address "::1", port 5432
2026-03-23 16:41:53.821 EDT [3538] LOG:  listening on IPv4 address "127.0.0.1", port 5432
2026-03-23 16:41:53.822 EDT [3538] LOG:  listening on Unix socket "/tmp/.s.PGSQL.5432"
2026-03-23 16:41:53.826 EDT [3544] LOG:  database system was shut down at 2026-03-23 16:41:26 EDT
2026-03-23 16:41:53.830 EDT [3538] LOG:  database system is ready to accept connections
2026-03-23 16:43:05.666 EDT [3538] LOG:  received fast shutdown request
2026-03-23 16:43:05.666 EDT [3538] LOG:  aborting any active transactions
2026-03-23 16:43:05.668 EDT [3538] LOG:  background worker "logical replication launcher" (PID 3547) exited with exit code 1
2026-03-23 16:43:05.668 EDT [3542] LOG:  shutting down
2026-03-23 16:43:05.668 EDT [3542] LOG:  checkpoint starting: shutdown immediate
2026-03-23 16:43:05.766 EDT [3542] LOG:  checkpoint complete: wrote 964 buffers (5.9%), wrote 3 SLRU buffers; 0 WAL file(s) added, 0 removed, 0 recycled; write=0.090 s, sync=0.007 s, total=0.098 s; sync files=310, longest=0.001 s, average=0.001 s; distance=4445 kB, estimate=4445 kB; lsn=0/1BE24D8, redo lsn=0/1BE24D8
2026-03-23 16:43:05.783 EDT [3538] LOG:  database system is shut down
2026-03-23 17:05:34.226 EDT [7896] LOG:  starting PostgreSQL 18.3 (Homebrew) on aarch64-apple-darwin25.2.0, compiled by Apple clang version 17.0.0 (clang-1700.6.3.2), 64-bit
2026-03-23 17:05:34.227 EDT [7896] LOG:  listening on IPv6 address "::", port 5432
2026-03-23 17:05:34.227 EDT [7896] LOG:  listening on IPv4 address "0.0.0.0", port 5432
2026-03-23 17:05:34.228 EDT [7896] LOG:  listening on Unix socket "/tmp/.s.PGSQL.5432"
2026-03-23 17:05:34.232 EDT [7902] LOG:  database system was shut down at 2026-03-23 16:43:05 EDT
2026-03-23 17:05:34.235 EDT [7896] LOG:  database system is ready to accept connections
2026-03-23 17:10:34.233 EDT [7900] LOG:  checkpoint starting: time
2026-03-23 17:13:07.213 EDT [7896] LOG:  received fast shutdown request
2026-03-23 17:13:07.213 EDT [7896] LOG:  aborting any active transactions
2026-03-23 17:13:07.214 EDT [7896] LOG:  background worker "logical replication launcher" (PID 7905) exited with exit code 1
2026-03-23 17:13:07.243 EDT [7900] LOG:  checkpoint complete: wrote 2759 buffers (16.8%), wrote 3 SLRU buffers; 0 WAL file(s) added, 0 removed, 2 recycled; write=153.007 s, sync=0.001 s, total=153.010 s; sync files=74, longest=0.001 s, average=0.001 s; distance=26062 kB, estimate=26062 kB; lsn=0/3555E60, redo lsn=0/3555DD0
2026-03-23 17:13:07.243 EDT [7900] LOG:  shutting down
2026-03-23 17:13:07.243 EDT [7900] LOG:  checkpoint starting: shutdown immediate
2026-03-23 17:13:07.244 EDT [7900] LOG:  checkpoint complete: wrote 0 buffers (0.0%), wrote 0 SLRU buffers; 0 WAL file(s) added, 0 removed, 0 recycled; write=0.001 s, sync=0.001 s, total=0.001 s; sync files=0, longest=0.000 s, average=0.000 s; distance=0 kB, estimate=23456 kB; lsn=0/3555ED8, redo lsn=0/3555ED8
2026-03-23 17:13:07.248 EDT [7896] LOG:  database system is shut down
2026-03-23 17:13:13.176 EDT [9407] LOG:  starting PostgreSQL 18.3 (Homebrew) on aarch64-apple-darwin25.2.0, compiled by Apple clang version 17.0.0 (clang-1700.6.3.2), 64-bit
2026-03-23 17:13:13.177 EDT [9407] LOG:  listening on IPv6 address "::", port 5432
2026-03-23 17:13:13.177 EDT [9407] LOG:  listening on IPv4 address "0.0.0.0", port 5432
2026-03-23 17:13:13.177 EDT [9407] LOG:  listening on Unix socket "/tmp/.s.PGSQL.5432"
2026-03-23 17:13:13.181 EDT [9413] LOG:  database system was shut down at 2026-03-23 17:13:07 EDT
2026-03-23 17:13:13.184 EDT [9407] LOG:  database system is ready to accept connections
2026-03-23 17:15:41.829 EDT [10463] ERROR:  function date(date, unknown) does not exist at character 373
2026-03-23 17:15:41.829 EDT [10463] HINT:  No function matches the given name and argument types. You might need to add explicit type casts.
2026-03-23 17:15:41.829 EDT [10463] STATEMENT:  /* {"app": "dbt", "dbt_version": "1.10.20", "profile_name": "default", "target_name": "dev", "node_id": "model.jaffle_shop.metricflow_time_spine"} */
	
	  
	    
	
	  create  table "ecom"."main"."metricflow_time_spine__dbt_tmp"
	  
	  
	    as
	  
	  (
	    -- metricflow_time_spine.sql
	with recursive
	calendar as (
	    select date('2000-01-01') as date_day
	    union all
	    select date(date_day, '+1 day')
	    from calendar
	    where date_day < date('2030-12-31')
	)
	
	select date_day
	from calendar
	  );
	  
2026-03-23 17:15:41.918 EDT [10465] ERROR:  syntax error at or near ":" at character 367
2026-03-23 17:15:41.918 EDT [10465] STATEMENT:  /* {"app": "dbt", "dbt_version": "1.10.20", "profile_name": "default", "target_name": "dev", "node_id": "unit_test.jaffle_shop.stg_locations.test_does_location_opened_at_trunc_to_date"} */
	
	    
	  
	    
	
	  create temporary table "test_does_location_opened_at_trunc_to_date__dbt_tmp211541907727"
	  
	  
	    as
	  
	  (
	    select * from (
	        def model(dbt, session):
	    # raw_stores is declared as a source, not a model.
	    raw_stores = dbt.source('ecom', 'raw_stores')
	
	    df = raw_stores.copy()
	
	    df = df.rename(columns={
	        'id': 'location_id',
	        'name': 'location_name',
	        'tax_rate': 'tax_rate',
	        'opened_at': 'opened_date'
	    })
	
	    df['opened_date'] = df['opened_date'].astype(str).str[:10]
	
	    return df
	    ) as __dbt_sbq
	    where false
	    limit 0
	
	  );
	  
	  
2026-03-23 17:17:38.772 EDT [11079] ERROR:  function date(date, unknown) does not exist at character 373
2026-03-23 17:17:38.772 EDT [11079] HINT:  No function matches the given name and argument types. You might need to add explicit type casts.
2026-03-23 17:17:38.772 EDT [11079] STATEMENT:  /* {"app": "dbt", "dbt_version": "1.10.20", "profile_name": "default", "target_name": "dev", "node_id": "model.jaffle_shop.metricflow_time_spine"} */
	
	  
	    
	
	  create  table "ecom"."main"."metricflow_time_spine__dbt_tmp"
	  
	  
	    as
	  
	  (
	    -- metricflow_time_spine.sql
	with recursive
	calendar as (
	    select date('2000-01-01') as date_day
	    union all
	    select date(date_day, '+1 day')
	    from calendar
	    where date_day < date('2030-12-31')
	)
	
	select date_day
	from calendar
	  );
	  
2026-03-23 17:18:13.181 EDT [9411] LOG:  checkpoint starting: time
2026-03-23 17:18:47.823 EDT [11492] ERROR:  function date(date, unknown) does not exist at character 373
2026-03-23 17:18:47.823 EDT [11492] HINT:  No function matches the given name and argument types. You might need to add explicit type casts.
2026-03-23 17:18:47.823 EDT [11492] STATEMENT:  /* {"app": "dbt", "dbt_version": "1.10.20", "profile_name": "default", "target_name": "dev", "node_id": "model.jaffle_shop.metricflow_time_spine"} */
	
	  
	    
	
	  create  table "ecom"."main"."metricflow_time_spine__dbt_tmp"
	  
	  
	    as
	  
	  (
	    -- metricflow_time_spine.sql
	with recursive
	calendar as (
	    select date('2000-01-01') as date_day
	    union all
	    select date(date_day, '+1 day')
	    from calendar
	    where date_day < date('2030-12-31')
	)
	
	select date_day
	from calendar
	  );
	  
2026-03-23 17:21:50.491 EDT [12087] ERROR:  function date(date, unknown) does not exist at character 373
2026-03-23 17:21:50.491 EDT [12087] HINT:  No function matches the given name and argument types. You might need to add explicit type casts.
2026-03-23 17:21:50.491 EDT [12087] STATEMENT:  /* {"app": "dbt", "dbt_version": "1.10.20", "profile_name": "default", "target_name": "dev", "node_id": "model.jaffle_shop.metricflow_time_spine"} */
	
	  
	    
	
	  create  table "ecom"."main"."metricflow_time_spine__dbt_tmp"
	  
	  
	    as
	  
	  (
	    -- metricflow_time_spine.sql
	with recursive
	calendar as (
	    select date('2000-01-01') as date_day
	    union all
	    select date(date_day, '+1 day')
	    from calendar
	    where date_day < date('2030-12-31')
	)
	
	select date_day
	from calendar
	  );
	  
2026-03-23 17:22:31.612 EDT [12457] ERROR:  recursive query "calendar" column 1 has type date in non-recursive term but type timestamp without time zone overall at character 322
2026-03-23 17:22:31.612 EDT [12457] HINT:  Cast the output of the non-recursive term to the correct type.
2026-03-23 17:22:31.612 EDT [12457] STATEMENT:  /* {"app": "dbt", "dbt_version": "1.10.20", "profile_name": "default", "target_name": "dev", "node_id": "model.jaffle_shop.metricflow_time_spine"} */
	
	  
	    
	
	  create  table "ecom"."main"."metricflow_time_spine__dbt_tmp"
	  
	  
	    as
	  
	  (
	    -- metricflow_time_spine.sql
	with recursive
	calendar as (
	    select date('2000-01-01') as date_day
	    union all
	    select date_day + interval '1 day'
	    from calendar
	    where date_day < date('2030-12-31')
	)
	
	select cast(date_day as date) as date_day
	from calendar
	  );
	  
2026-03-23 17:22:43.041 EDT [9411] LOG:  checkpoint complete: wrote 2791 buffers (17.0%), wrote 3 SLRU buffers; 0 WAL file(s) added, 0 removed, 5 recycled; write=269.854 s, sync=0.003 s, total=269.860 s; sync files=151, longest=0.001 s, average=0.001 s; distance=89504 kB, estimate=89504 kB; lsn=0/EA7DE30, redo lsn=0/8CBE170
2026-03-23 17:23:13.042 EDT [9411] LOG:  checkpoint starting: time
2026-03-23 17:27:43.007 EDT [9411] LOG:  checkpoint complete: wrote 3658 buffers (22.3%), wrote 1 SLRU buffers; 0 WAL file(s) added, 0 removed, 8 recycled; write=269.960 s, sync=0.001 s, total=269.966 s; sync files=74, longest=0.001 s, average=0.001 s; distance=128387 kB, estimate=128387 kB; lsn=0/125FDA38, redo lsn=0/10A1F038
2026-03-23 17:31:18.137 EDT [14550] FATAL:  lock file "postmaster.pid" already exists
2026-03-23 17:31:18.137 EDT [14550] HINT:  Is another postmaster (PID 9407) running in data directory "/Users/yunbingtan/Data_analysis_pipeline/data/postgres"?
2026-03-23 17:31:33.536 EDT [9407] LOG:  received fast shutdown request
2026-03-23 17:31:33.536 EDT [9407] LOG:  aborting any active transactions
2026-03-23 17:31:33.538 EDT [9407] LOG:  background worker "logical replication launcher" (PID 9416) exited with exit code 1
2026-03-23 17:31:33.538 EDT [9411] LOG:  shutting down
2026-03-23 17:31:33.538 EDT [9411] LOG:  checkpoint starting: shutdown immediate
2026-03-23 17:31:33.560 EDT [9411] LOG:  checkpoint complete: wrote 474 buffers (2.9%), wrote 1 SLRU buffers; 0 WAL file(s) added, 0 removed, 2 recycled; write=0.020 s, sync=0.002 s, total=0.023 s; sync files=35, longest=0.001 s, average=0.001 s; distance=28538 kB, estimate=118402 kB; lsn=0/125FDAE8, redo lsn=0/125FDAE8
2026-03-23 17:31:33.571 EDT [9407] LOG:  database system is shut down
